Archive member included to satisfy reference by file (symbol)

c:/st/stm32cubeide_1.7.0/stm32cubeide/plugins/com.st.stm32cube.ide.mcu.externaltools.gnu-tools-for-stm32.9-2020-q2-update.win32_2.0.0.202105311346/tools/bin/../lib/gcc/arm-none-eabi/9.3.1/../../../../arm-none-eabi/lib/thumb/v7-m/nofp\libc_nano.a(lib_a-exit.o)
                              c:/st/stm32cubeide_1.7.0/stm32cubeide/plugins/com.st.stm32cube.ide.mcu.externaltools.gnu-tools-for-stm32.9-2020-q2-update.win32_2.0.0.202105311346/tools/bin/../lib/gcc/arm-none-eabi/9.3.1/../../../../arm-none-eabi/lib/thumb/v7-m/nofp/crt0.o (exit)
c:/st/stm32cubeide_1.7.0/stm32cubeide/plugins/com.st.stm32cube.ide.mcu.externaltools.gnu-tools-for-stm32.9-2020-q2-update.win32_2.0.0.202105311346/tools/bin/../lib/gcc/arm-none-eabi/9.3.1/../../../../arm-none-eabi/lib/thumb/v7-m/nofp\libc_nano.a(lib_a-impure.o)
                              c:/st/stm32cubeide_1.7.0/stm32cubeide/plugins/com.st.stm32cube.ide.mcu.externaltools.gnu-tools-for-stm32.9-2020-q2-update.win32_2.0.0.202105311346/tools/bin/../lib/gcc/arm-none-eabi/9.3.1/../../../../arm-none-eabi/lib/thumb/v7-m/nofp\libc_nano.a(lib_a-exit.o) (_global_impure_ptr)
c:/st/stm32cubeide_1.7.0/stm32cubeide/plugins/com.st.stm32cube.ide.mcu.externaltools.gnu-tools-for-stm32.9-2020-q2-update.win32_2.0.0.202105311346/tools/bin/../lib/gcc/arm-none-eabi/9.3.1/../../../../arm-none-eabi/lib/thumb/v7-m/nofp\libc_nano.a(lib_a-init.o)
                              c:/st/stm32cubeide_1.7.0/stm32cubeide/plugins/com.st.stm32cube.ide.mcu.externaltools.gnu-tools-for-stm32.9-2020-q2-update.win32_2.0.0.202105311346/tools/bin/../lib/gcc/arm-none-eabi/9.3.1/../../../../arm-none-eabi/lib/thumb/v7-m/nofp/crt0.o (__libc_init_array)
c:/st/stm32cubeide_1.7.0/stm32cubeide/plugins/com.st.stm32cube.ide.mcu.externaltools.gnu-tools-for-stm32.9-2020-q2-update.win32_2.0.0.202105311346/tools/bin/../lib/gcc/arm-none-eabi/9.3.1/../../../../arm-none-eabi/lib/thumb/v7-m/nofp\libc_nano.a(lib_a-memset.o)
                              c:/st/stm32cubeide_1.7.0/stm32cubeide/plugins/com.st.stm32cube.ide.mcu.externaltools.gnu-tools-for-stm32.9-2020-q2-update.win32_2.0.0.202105311346/tools/bin/../lib/gcc/arm-none-eabi/9.3.1/../../../../arm-none-eabi/lib/thumb/v7-m/nofp/crt0.o (memset)
c:/st/stm32cubeide_1.7.0/stm32cubeide/plugins/com.st.stm32cube.ide.mcu.externaltools.gnu-tools-for-stm32.9-2020-q2-update.win32_2.0.0.202105311346/tools/bin/../lib/gcc/arm-none-eabi/9.3.1/thumb/v7-m/nofp\libgcc.a(_arm_muldf3.o)
                              ./User/discover_functions.o (__aeabi_dmul)
c:/st/stm32cubeide_1.7.0/stm32cubeide/plugins/com.st.stm32cube.ide.mcu.externaltools.gnu-tools-for-stm32.9-2020-q2-update.win32_2.0.0.202105311346/tools/bin/../lib/gcc/arm-none-eabi/9.3.1/thumb/v7-m/nofp\libgcc.a(_arm_mulsf3.o)
                              ./User/discover_functions.o (__aeabi_fmul)
c:/st/stm32cubeide_1.7.0/stm32cubeide/plugins/com.st.stm32cube.ide.mcu.externaltools.gnu-tools-for-stm32.9-2020-q2-update.win32_2.0.0.202105311346/tools/bin/../lib/gcc/arm-none-eabi/9.3.1/thumb/v7-m/nofp\libgcc.a(_arm_addsubdf3.o)
                              ./User/discover_functions.o (__aeabi_i2d)
c:/st/stm32cubeide_1.7.0/stm32cubeide/plugins/com.st.stm32cube.ide.mcu.externaltools.gnu-tools-for-stm32.9-2020-q2-update.win32_2.0.0.202105311346/tools/bin/../lib/gcc/arm-none-eabi/9.3.1/thumb/v7-m/nofp\libgcc.a(_arm_muldivdf3.o)
                              ./User/discover_functions.o (__aeabi_ddiv)
c:/st/stm32cubeide_1.7.0/stm32cubeide/plugins/com.st.stm32cube.ide.mcu.externaltools.gnu-tools-for-stm32.9-2020-q2-update.win32_2.0.0.202105311346/tools/bin/../lib/gcc/arm-none-eabi/9.3.1/thumb/v7-m/nofp\libgcc.a(_arm_truncdfsf2.o)
                              ./User/discover_functions.o (__aeabi_d2f)
c:/st/stm32cubeide_1.7.0/stm32cubeide/plugins/com.st.stm32cube.ide.mcu.externaltools.gnu-tools-for-stm32.9-2020-q2-update.win32_2.0.0.202105311346/tools/bin/../lib/gcc/arm-none-eabi/9.3.1/thumb/v7-m/nofp\libgcc.a(_arm_addsubsf3.o)
                              ./User/discover_functions.o (__aeabi_i2f)
c:/st/stm32cubeide_1.7.0/stm32cubeide/plugins/com.st.stm32cube.ide.mcu.externaltools.gnu-tools-for-stm32.9-2020-q2-update.win32_2.0.0.202105311346/tools/bin/../lib/gcc/arm-none-eabi/9.3.1/thumb/v7-m/nofp\libgcc.a(_arm_cmpsf2.o)
                              ./User/discover_functions.o (__aeabi_fcmplt)
c:/st/stm32cubeide_1.7.0/stm32cubeide/plugins/com.st.stm32cube.ide.mcu.externaltools.gnu-tools-for-stm32.9-2020-q2-update.win32_2.0.0.202105311346/tools/bin/../lib/gcc/arm-none-eabi/9.3.1/thumb/v7-m/nofp\libgcc.a(_arm_fixsfsi.o)
                              ./User/discover_functions.o (__aeabi_f2iz)
c:/st/stm32cubeide_1.7.0/stm32cubeide/plugins/com.st.stm32cube.ide.mcu.externaltools.gnu-tools-for-stm32.9-2020-q2-update.win32_2.0.0.202105311346/tools/bin/../lib/gcc/arm-none-eabi/9.3.1/thumb/v7-m/nofp\libgcc.a(_arm_fixunssfsi.o)
                              ./User/discover_functions.o (__aeabi_f2uiz)
[...]
Memory Configuration

Name             Origin             Length             Attributes
FLASH            0x0000000008000000 0x0000000000040000 xr
RAM              0x0000000020000000 0x0000000000008000 xrw
MEMORY_B1        0x0000000060000000 0x0000000000000000 xr
RW_EEPROM        0x0000000008080000 0x0000000000000020 rw
*default*        0x0000000000000000 0xffffffffffffffff

Linker script and memory map

LOAD c:/st/stm32cubeide_1.7.0/stm32cubeide/plugins/com.st.stm32cube.ide.mcu.externaltools.gnu-tools-for-stm32.9-2020-q2-update.win32_2.0.0.202105311346/tools/bin/../lib/gcc/arm-none-eabi/9.3.1/thumb/v7-m/nofp/crti.o
LOAD c:/st/stm32cubeide_1.7.0/stm32cubeide/plugins/com.st.stm32cube.ide.mcu.externaltools.gnu-tools-for-stm32.9-2020-q2-update.win32_2.0.0.202105311346/tools/bin/../lib/gcc/arm-none-eabi/9.3.1/thumb/v7-m/nofp/crtbegin.o
LOAD c:/st/stm32cubeide_1.7.0/stm32cubeide/plugins/com.st.stm32cube.ide.mcu.externaltools.gnu-tools-for-stm32.9-2020-q2-update.win32_2.0.0.202105311346/tools/bin/../lib/gcc/arm-none-eabi/9.3.1/../../../../arm-none-eabi/lib/thumb/v7-m/nofp/crt0.o
LOAD ./CMSIS/system_stm32l1xx.o
LOAD ./STM32L-Discovery/stm32l_discovery_lcd.o
LOAD ./STMTouch_Driver/tsl.o
LOAD ./STMTouch_Driver/tsl_acq.o
LOAD ./STMTouch_Driver/tsl_acq_stm32l1xx_sw.o
LOAD ./STMTouch_Driver/tsl_dxs.o
LOAD ./STMTouch_Driver/tsl_ecs.o
LOAD ./STMTouch_Driver/tsl_filter.o
LOAD ./STMTouch_Driver/tsl_globals.o
LOAD ./STMTouch_Driver/tsl_linrot.o
LOAD ./STMTouch_Driver/tsl_object.o
LOAD ./STMTouch_Driver/tsl_time.o
LOAD ./STMTouch_Driver/tsl_time_stm32l1xx.o
LOAD ./STMTouch_Driver/tsl_touchkey.o
LOAD ./StdPeriph_Driver/misc.o
LOAD ./StdPeriph_Driver/stm32l1xx_adc.o
LOAD ./StdPeriph_Driver/stm32l1xx_exti.o
LOAD ./StdPeriph_Driver/stm32l1xx_flash.o
LOAD ./StdPeriph_Driver/stm32l1xx_gpio.o
LOAD ./StdPeriph_Driver/stm32l1xx_lcd.o
LOAD ./StdPeriph_Driver/stm32l1xx_pwr.o
LOAD ./StdPeriph_Driver/stm32l1xx_rcc.o
LOAD ./StdPeriph_Driver/stm32l1xx_rtc.o
LOAD ./StdPeriph_Driver/stm32l1xx_syscfg.o
LOAD ./StdPeriph_Driver/stm32l1xx_tim.o
LOAD ./TrueSTUDIO/startup_stm32l1xx_mdp.o
LOAD ./User/discover_functions.o
LOAD ./User/icc_measure.o
LOAD ./User/icc_measure_Ram.o
LOAD ./User/main.o
LOAD ./User/stm32l1xx_it.o
LOAD ./User/tsl_user.o
START GROUP
LOAD c:/st/stm32cubeide_1.7.0/stm32cubeide/plugins/com.st.stm32cube.ide.mcu.externaltools.gnu-tools-for-stm32.9-2020-q2-update.win32_2.0.0.202105311346/tools/bin/../lib/gcc/arm-none-eabi/9.3.1/../../../../arm-none-eabi/lib/thumb/v7-m/nofp\libc_nano.a
LOAD c:/st/stm32cubeide_1.7.0/stm32cubeide/plugins/com.st.stm32cube.ide.mcu.externaltools.gnu-tools-for-stm32.9-2020-q2-update.win32_2.0.0.202105311346/tools/bin/../lib/gcc/arm-none-eabi/9.3.1/../../../../arm-none-eabi/lib/thumb/v7-m/nofp\libm.a
END GROUP
START GROUP
LOAD c:/st/stm32cubeide_1.7.0/stm32cubeide/plugins/com.st.stm32cube.ide.mcu.externaltools.gnu-tools-for-stm32.9-2020-q2-update.win32_2.0.0.202105311346/tools/bin/../lib/gcc/arm-none-eabi/9.3.1/thumb/v7-m/nofp\libgcc.a
LOAD c:/st/stm32cubeide_1.7.0/stm32cubeide/plugins/com.st.stm32cube.ide.mcu.externaltools.gnu-tools-for-stm32.9-2020-q2-update.win32_2.0.0.202105311346/tools/bin/../lib/gcc/arm-none-eabi/9.3.1/../../../../arm-none-eabi/lib/thumb/v7-m/nofp\libc_nano.a
END GROUP
START GROUP
LOAD c:/st/stm32cubeide_1.7.0/stm32cubeide/plugins/com.st.stm32cube.ide.mcu.externaltools.gnu-tools-for-stm32.9-2020-q2-update.win32_2.0.0.202105311346/tools/bin/../lib/gcc/arm-none-eabi/9.3.1/thumb/v7-m/nofp\libgcc.a
LOAD c:/st/stm32cubeide_1.7.0/stm32cubeide/plugins/com.st.stm32cube.ide.mcu.externaltools.gnu-tools-for-stm32.9-2020-q2-update.win32_2.0.0.202105311346/tools/bin/../lib/gcc/arm-none-eabi/9.3.1/../../../../arm-none-eabi/lib/thumb/v7-m/nofp\libc_nano.a
LOAD c:/st/stm32cubeide_1.7.0/stm32cubeide/plugins/com.st.stm32cube.ide.mcu.externaltools.gnu-tools-for-stm32.9-2020-q2-update.win32_2.0.0.202105311346/tools/bin/../lib/gcc/arm-none-eabi/9.3.1/../../../../arm-none-eabi/lib/thumb/v7-m/nofp\libnosys.a
END GROUP
START GROUP
LOAD c:/st/stm32cubeide_1.7.0/stm32cubeide/plugins/com.st.stm32cube.ide.mcu.externaltools.gnu-tools-for-stm32.9-2020-q2-update.win32_2.0.0.202105311346/tools/bin/../lib/gcc/arm-none-eabi/9.3.1/thumb/v7-m/nofp\libgcc.a
LOAD c:/st/stm32cubeide_1.7.0/stm32cubeide/plugins/com.st.stm32cube.ide.mcu.externaltools.gnu-tools-for-stm32.9-2020-q2-update.win32_2.0.0.202105311346/tools/bin/../lib/gcc/arm-none-eabi/9.3.1/../../../../arm-none-eabi/lib/thumb/v7-m/nofp\libc_nano.a
LOAD c:/st/stm32cubeide_1.7.0/stm32cubeide/plugins/com.st.stm32cube.ide.mcu.externaltools.gnu-tools-for-stm32.9-2020-q2-update.win32_2.0.0.202105311346/tools/bin/../lib/gcc/arm-none-eabi/9.3.1/../../../../arm-none-eabi/lib/thumb/v7-m/nofp\libnosys.a
END GROUP
LOAD c:/st/stm32cubeide_1.7.0/stm32cubeide/plugins/com.st.stm32cube.ide.mcu.externaltools.gnu-tools-for-stm32.9-2020-q2-update.win32_2.0.0.202105311346/tools/bin/../lib/gcc/arm-none-eabi/9.3.1/thumb/v7-m/nofp/crtend.o
LOAD c:/st/stm32cubeide_1.7.0/stm32cubeide/plugins/com.st.stm32cube.ide.mcu.externaltools.gnu-tools-for-stm32.9-2020-q2-update.win32_2.0.0.202105311346/tools/bin/../lib/gcc/arm-none-eabi/9.3.1/thumb/v7-m/nofp/crtn.o
                0x0000000020008000                _estack = 0x20008000
                0x0000000000000200                _Min_Heap_Size = 0x200
                0x0000000000000400                _Min_Stack_Size = 0x400

.isr_vector     0x0000000008000000      0x13c
                0x0000000008000000                . = ALIGN (0x4)
 *(.isr_vector)
 .isr_vector    0x0000000008000000      0x13c ./TrueSTUDIO/startup_stm32l1xx_mdp.o
                0x0000000008000000                g_pfnVectors
                0x000000000800013c                . = ALIGN (0x4)

.text           0x000000000800013c     0x299c
                0x000000000800013c                . = ALIGN (0x4)
 *(.text)
 .text          0x000000000800013c       0x40 c:/st/stm32cubeide_1.7.0/stm32cubeide/plugins/com.st.stm32cube.ide.mcu.externaltools.gnu-tools-for-stm32.9-2020-q2-update.win32_2.0.0.202105311346/tools/bin/../lib/gcc/arm-none-eabi/9.3.1/thumb/v7-m/nofp/crtbegin.o
 *(.text*)
 .text.SystemInit
                0x000000000800017c       0xf0 ./CMSIS/system_stm32l1xx.o
                0x000000000800017c                SystemInit
 .text.LCD_bar  0x000000000800026c       0x34 ./STM32L-Discovery/stm32l_discovery_lcd.o
                0x000000000800026c                LCD_bar
 .text.LCD_GLASS_WriteChar
                0x00000000080002a0      0x3fc ./STM32L-Discovery/stm32l_discovery_lcd.o
                0x00000000080002a0                LCD_GLASS_WriteChar
 .text.LCD_GLASS_DisplayStrDeci
                0x000000000800069c       0x54 ./STM32L-Discovery/stm32l_discovery_lcd.o
                0x000000000800069c                LCD_GLASS_DisplayStrDeci
 .text.LCD_GLASS_Clear
                0x00000000080006f0       0x34 ./STM32L-Discovery/stm32l_discovery_lcd.o
                0x00000000080006f0                LCD_GLASS_Clear
 .text.LCD_GLASS_Init
                0x0000000008000724       0x90 ./STM32L-Discovery/stm32l_discovery_lcd.o
                0x0000000008000724                LCD_GLASS_Init
 .text.TSL_Init
                0x00000000080007b4       0x24 ./STMTouch_Driver/tsl.o
                0x00000000080007b4                TSL_Init
 .text.TSL_acq_BankGetResult
                0x00000000080007d8      0x124 ./STMTouch_Driver/tsl_acq.o
                0x00000000080007d8                TSL_acq_BankGetResult
 .text.SoftDelay
                0x00000000080008fc       0x2e ./STMTouch_Driver/tsl_acq_stm32l1xx_sw.o
                0x00000000080008fc                SoftDelay
 *fill*         0x000000000800092a        0x2 
 .text.TSL_BankConf
                0x000000000800092c       0xfc ./STMTouch_Driver/tsl_acq_stm32l1xx_sw.o
                0x000000000800092c                TSL_BankConf
 .text.TSL_acq_Init
                0x0000000008000a28      0x138 ./STMTouch_Driver/tsl_acq_stm32l1xx_sw.o
                0x0000000008000a28                TSL_acq_Init
 .text.TSL_acq_BankConfig
                0x0000000008000b60       0xec ./STMTouch_Driver/tsl_acq_stm32l1xx_sw.o
                0x0000000008000b60                TSL_acq_BankConfig
 .text.TSL_acq_GroupDone
                0x0000000008000c4c       0x2c ./STMTouch_Driver/tsl_acq_stm32l1xx_sw.o
                0x0000000008000c4c                TSL_acq_GroupDone
 .text.TSL_acq_BankWaitEOC
                0x0000000008000c78        0x4 ./STMTouch_Driver/tsl_acq_stm32l1xx_sw.o
                0x0000000008000c78                TSL_acq_BankWaitEOC
 .text.TSL_acq_GetMeas
                0x0000000008000c7c        0xc ./STMTouch_Driver/tsl_acq_stm32l1xx_sw.o
                0x0000000008000c7c                TSL_acq_GetMeas
 .text.TSL_acq_CheckNoise
                0x0000000008000c88        0x4 ./STMTouch_Driver/tsl_acq_stm32l1xx_sw.o
                0x0000000008000c88                TSL_acq_CheckNoise
 .text.TSL_acq_UseFilter
                0x0000000008000c8c        0x4 ./STMTouch_Driver/tsl_acq_stm32l1xx_sw.o
                0x0000000008000c8c                TSL_acq_UseFilter
 .text.TSL_acq_ComputeDelta
                0x0000000008000c90        0x6 ./STMTouch_Driver/tsl_acq_stm32l1xx_sw.o
                0x0000000008000c90                TSL_acq_ComputeDelta
 .text.TSL_acq_ComputeMeas
                0x0000000008000c96        0x6 ./STMTouch_Driver/tsl_acq_stm32l1xx_sw.o
                0x0000000008000c96                TSL_acq_ComputeMeas
 .text.TSL_acq_TestReferenceOutOfRange
                0x0000000008000c9c        0x4 ./STMTouch_Driver/tsl_acq_stm32l1xx_sw.o
                0x0000000008000c9c                TSL_acq_TestReferenceOutOfRange
 .text.TSL_acq_TestFirstReferenceIsValid
                0x0000000008000ca0        0x4 ./STMTouch_Driver/tsl_acq_stm32l1xx_sw.o
                0x0000000008000ca0                TSL_acq_TestFirstReferenceIsValid
 .text.TSL_acq_BankStartAcq
                0x0000000008000ca4      0x42c ./STMTouch_Driver/tsl_acq_stm32l1xx_sw.o
                0x0000000008000ca4                TSL_acq_BankStartAcq
 .text.TSL_dxs_FirstObj
                0x00000000080010d0        0x2 ./STMTouch_Driver/tsl_dxs.o
                0x00000000080010d0                TSL_dxs_FirstObj
 *fill*         0x00000000080010d2        0x2 
 .text.TSL_ecs_CalcK
                0x00000000080010d4       0x9c ./STMTouch_Driver/tsl_ecs.o
                0x00000000080010d4                TSL_ecs_CalcK
 .text.TSL_ecs_ProcessK
                0x0000000008001170       0xb8 ./STMTouch_Driver/tsl_ecs.o
                0x0000000008001170                TSL_ecs_ProcessK
 .text.TSL_ecs_Process
                0x0000000008001228       0x84 ./STMTouch_Driver/tsl_ecs.o
                0x0000000008001228                TSL_ecs_Process
 .text.TSL_linrot_GetStateMask
                0x00000000080012ac       0x24 ./STMTouch_Driver/tsl_linrot.o
                0x00000000080012ac                TSL_linrot_GetStateMask
 .text.TSL_linrot_DTOGetTime
                0x00000000080012d0       0x2c ./STMTouch_Driver/tsl_linrot.o
                0x00000000080012d0                TSL_linrot_DTOGetTime
 .text.TSL_linrot_ProcessCh_All_SetStatus
                0x00000000080012fc       0x2c ./STMTouch_Driver/tsl_linrot.o
                0x00000000080012fc                TSL_linrot_ProcessCh_All_SetStatus
 .text.TSL_linrot_SetStateOff
                0x0000000008001328       0x20 ./STMTouch_Driver/tsl_linrot.o
                0x0000000008001328                TSL_linrot_SetStateOff
 .text.TSL_linrot_ProcessCh_One_DataReady
                0x0000000008001348       0x34 ./STMTouch_Driver/tsl_linrot.o
                0x0000000008001348                TSL_linrot_ProcessCh_One_DataReady
 .text.TSL_linrot_Process
                0x000000000800137c       0x50 ./STMTouch_Driver/tsl_linrot.o
                0x000000000800137c                TSL_linrot_Process
 .text.TSL_linrot_ProcessCh_One_AcqStatusError
                0x00000000080013cc       0x30 ./STMTouch_Driver/tsl_linrot.o
                0x00000000080013cc                TSL_linrot_ProcessCh_One_AcqStatusError
 .text.TSL_linrot_CalibrationStateProcess
                0x00000000080013fc       0xcc ./STMTouch_Driver/tsl_linrot.o
                0x00000000080013fc                TSL_linrot_CalibrationStateProcess
 .text.TSL_linrot_ProcessCh_All_ClearRef
                0x00000000080014c8       0x28 ./STMTouch_Driver/tsl_linrot.o
                0x00000000080014c8                TSL_linrot_ProcessCh_All_ClearRef
 .text.TSL_linrot_SetStateCalibration
                0x00000000080014f0       0x60 ./STMTouch_Driver/tsl_linrot.o
                0x00000000080014f0                TSL_linrot_SetStateCalibration
 .text.TSL_linrot_Init
                0x0000000008001550       0x34 ./STMTouch_Driver/tsl_linrot.o
                0x0000000008001550                TSL_linrot_Init
 .text.TSL_linrot_DebErrorStateProcess
                0x0000000008001584       0x98 ./STMTouch_Driver/tsl_linrot.o
                0x0000000008001584                TSL_linrot_DebErrorStateProcess
 .text.TSL_linrot_NormDelta
                0x000000000800161c       0x20 ./STMTouch_Driver/tsl_linrot.o
                0x000000000800161c                TSL_linrot_NormDelta
 .text.TSL_linrot_CalcPos
                0x000000000800163c      0x1f4 ./STMTouch_Driver/tsl_linrot.o
                0x000000000800163c                TSL_linrot_CalcPos
 .text.TSL_linrot_ProcessCh_One_DeltaBelowEquMinus
                0x0000000008001830       0x3c ./STMTouch_Driver/tsl_linrot.o
                0x0000000008001830                TSL_linrot_ProcessCh_One_DeltaBelowEquMinus
 .text.TSL_linrot_DebCalibrationStateProcess
                0x000000000800186c       0x4c ./STMTouch_Driver/tsl_linrot.o
                0x000000000800186c                TSL_linrot_DebCalibrationStateProcess
 .text.TSL_linrot_ProcessCh_One_DeltaAboveEqu
                0x00000000080018b8       0x3c ./STMTouch_Driver/tsl_linrot.o
                0x00000000080018b8                TSL_linrot_ProcessCh_One_DeltaAboveEqu
 .text.TSL_linrot_ReleaseStateProcess
                0x00000000080018f4       0x7c ./STMTouch_Driver/tsl_linrot.o
                0x00000000080018f4                TSL_linrot_ReleaseStateProcess
 .text.TSL_linrot_DebDetectStateProcess
                0x0000000008001970       0x50 ./STMTouch_Driver/tsl_linrot.o
                0x0000000008001970                TSL_linrot_DebDetectStateProcess
 .text.TSL_linrot_ProcessCh_One_DeltaAbove
                0x00000000080019c0       0x3c ./STMTouch_Driver/tsl_linrot.o
                0x00000000080019c0                TSL_linrot_ProcessCh_One_DeltaAbove
 .text.TSL_linrot_DebReleaseDetectStateProcess
                0x00000000080019fc       0x44 ./STMTouch_Driver/tsl_linrot.o
                0x00000000080019fc                TSL_linrot_DebReleaseDetectStateProcess
 .text.TSL_linrot_DebReleaseTouchStateProcess
                0x0000000008001a40       0x44 ./STMTouch_Driver/tsl_linrot.o
                0x0000000008001a40                TSL_linrot_DebReleaseTouchStateProcess
 .text.TSL_linrot_DetectStateProcess
                0x0000000008001a84       0xa0 ./STMTouch_Driver/tsl_linrot.o
                0x0000000008001a84                TSL_linrot_DetectStateProcess
 .text.TSL_linrot_TouchStateProcess
                0x0000000008001b24       0xa0 ./STMTouch_Driver/tsl_linrot.o
                0x0000000008001b24                TSL_linrot_TouchStateProcess
 .text.TSL_obj_SetGlobalObj
                0x0000000008001bc4       0x18 ./STMTouch_Driver/tsl_object.o
                0x0000000008001bc4                TSL_obj_SetGlobalObj
 .text.TSL_obj_GroupInit
                0x0000000008001bdc       0x6c ./STMTouch_Driver/tsl_object.o
                0x0000000008001bdc                TSL_obj_GroupInit
 .text.TSL_obj_GroupProcess
                0x0000000008001c48       0x6c ./STMTouch_Driver/tsl_object.o
                0x0000000008001c48                TSL_obj_GroupProcess
 .text.TSL_tim_ProcessIT
                0x0000000008001cb4       0x34 ./STMTouch_Driver/tsl_time.o
                0x0000000008001cb4                TSL_tim_ProcessIT
 .text.TSL_tim_CheckDelay_ms
                0x0000000008001ce8       0x50 ./STMTouch_Driver/tsl_time.o
                0x0000000008001ce8                TSL_tim_CheckDelay_ms
 .text.TSL_tim_CheckDelay_sec
                0x0000000008001d38       0x5c ./STMTouch_Driver/tsl_time.o
                0x0000000008001d38                TSL_tim_CheckDelay_sec
 .text.TSL_tim_Init
                0x0000000008001d94       0x3c ./STMTouch_Driver/tsl_time_stm32l1xx.o
                0x0000000008001d94                TSL_tim_Init
 .text.NVIC_Init
                0x0000000008001dd0       0x58 ./StdPeriph_Driver/misc.o
                0x0000000008001dd0                NVIC_Init
 .text.EXTI_Init
                0x0000000008001e28       0x6c ./StdPeriph_Driver/stm32l1xx_exti.o
                0x0000000008001e28                EXTI_Init
 .text.EXTI_ClearITPendingBit
                0x0000000008001e94        0xc ./StdPeriph_Driver/stm32l1xx_exti.o
                0x0000000008001e94                EXTI_ClearITPendingBit
 .text.GPIO_Init
                0x0000000008001ea0       0x78 ./StdPeriph_Driver/stm32l1xx_gpio.o
                0x0000000008001ea0                GPIO_Init
 .text.GPIO_PinAFConfig
                0x0000000008001f18       0x24 ./StdPeriph_Driver/stm32l1xx_gpio.o
                0x0000000008001f18                GPIO_PinAFConfig
 .text.LCD_Cmd  0x0000000008001f3c        0xc ./StdPeriph_Driver/stm32l1xx_lcd.o
                0x0000000008001f3c                LCD_Cmd
 .text.LCD_WaitForSynchro
                0x0000000008001f48       0x1c ./StdPeriph_Driver/stm32l1xx_lcd.o
                0x0000000008001f48                LCD_WaitForSynchro
 .text.LCD_Init
                0x0000000008001f64       0x40 ./StdPeriph_Driver/stm32l1xx_lcd.o
                0x0000000008001f64                LCD_Init
 .text.LCD_MuxSegmentCmd
                0x0000000008001fa4        0xc ./StdPeriph_Driver/stm32l1xx_lcd.o
                0x0000000008001fa4                LCD_MuxSegmentCmd
 .text.LCD_PulseOnDurationConfig
                0x0000000008001fb0       0x18 ./StdPeriph_Driver/stm32l1xx_lcd.o
                0x0000000008001fb0                LCD_PulseOnDurationConfig
 .text.LCD_DeadTimeConfig
                0x0000000008001fc8       0x18 ./StdPeriph_Driver/stm32l1xx_lcd.o
                0x0000000008001fc8                LCD_DeadTimeConfig
 .text.LCD_BlinkConfig
                0x0000000008001fe0       0x1c ./StdPeriph_Driver/stm32l1xx_lcd.o
                0x0000000008001fe0                LCD_BlinkConfig
 .text.LCD_ContrastConfig
                0x0000000008001ffc       0x18 ./StdPeriph_Driver/stm32l1xx_lcd.o
                0x0000000008001ffc                LCD_ContrastConfig
 .text.LCD_UpdateDisplayRequest
                0x0000000008002014        0xc ./StdPeriph_Driver/stm32l1xx_lcd.o
                0x0000000008002014                LCD_UpdateDisplayRequest
 .text.LCD_GetFlagStatus
                0x0000000008002020       0x14 ./StdPeriph_Driver/stm32l1xx_lcd.o
                0x0000000008002020                LCD_GetFlagStatus
 .text.PWR_RTCAccessCmd
                0x0000000008002034        0xc ./StdPeriph_Driver/stm32l1xx_pwr.o
                0x0000000008002034                PWR_RTCAccessCmd
 .text.RCC_HSEConfig
                0x0000000008002040       0x10 ./StdPeriph_Driver/stm32l1xx_rcc.o
                0x0000000008002040                RCC_HSEConfig
 .text.RCC_MSIRangeConfig
                0x0000000008002050       0x14 ./StdPeriph_Driver/stm32l1xx_rcc.o
                0x0000000008002050                RCC_MSIRangeConfig
 .text.RCC_HSICmd
                0x0000000008002064        0xc ./StdPeriph_Driver/stm32l1xx_rcc.o
                0x0000000008002064                RCC_HSICmd
 .text.RCC_LSEConfig
                0x0000000008002070       0x10 ./StdPeriph_Driver/stm32l1xx_rcc.o
                0x0000000008002070                RCC_LSEConfig
 .text.RCC_SYSCLKConfig
                0x0000000008002080       0x14 ./StdPeriph_Driver/stm32l1xx_rcc.o
                0x0000000008002080                RCC_SYSCLKConfig
 .text.RCC_RTCCLKConfig
                0x0000000008002094       0x30 ./StdPeriph_Driver/stm32l1xx_rcc.o
                0x0000000008002094                RCC_RTCCLKConfig
 .text.RCC_RTCCLKCmd
                0x00000000080020c4        0xc ./StdPeriph_Driver/stm32l1xx_rcc.o
                0x00000000080020c4                RCC_RTCCLKCmd
 .text.RCC_RTCResetCmd
                0x00000000080020d0        0xc ./StdPeriph_Driver/stm32l1xx_rcc.o
                0x00000000080020d0                RCC_RTCResetCmd
 .text.RCC_AHBPeriphClockCmd
                0x00000000080020dc       0x18 ./StdPeriph_Driver/stm32l1xx_rcc.o
                0x00000000080020dc                RCC_AHBPeriphClockCmd
 .text.RCC_APB2PeriphClockCmd
                0x00000000080020f4       0x18 ./StdPeriph_Driver/stm32l1xx_rcc.o
                0x00000000080020f4                RCC_APB2PeriphClockCmd
 .text.RCC_APB1PeriphClockCmd
                0x000000000800210c       0x18 ./StdPeriph_Driver/stm32l1xx_rcc.o
                0x000000000800210c                RCC_APB1PeriphClockCmd
 .text.RCC_GetFlagStatus
                0x0000000008002124       0x20 ./StdPeriph_Driver/stm32l1xx_rcc.o
                0x0000000008002124                RCC_GetFlagStatus
 .text.RTC_ClearITPendingBit
                0x0000000008002144       0x1c ./StdPeriph_Driver/stm32l1xx_rtc.o
                0x0000000008002144                RTC_ClearITPendingBit
 .text.SYSCFG_EXTILineConfig
                0x0000000008002160       0x2a ./StdPeriph_Driver/stm32l1xx_syscfg.o
                0x0000000008002160                SYSCFG_EXTILineConfig
 *fill*         0x000000000800218a        0x2 
 .text.TIM_TimeBaseInit
                0x000000000800218c       0x58 ./StdPeriph_Driver/stm32l1xx_tim.o
                0x000000000800218c                TIM_TimeBaseInit
 .text.TIM_ARRPreloadConfig
                0x00000000080021e4       0x18 ./StdPeriph_Driver/stm32l1xx_tim.o
                0x00000000080021e4                TIM_ARRPreloadConfig
 .text.TIM_Cmd  0x00000000080021fc       0x18 ./StdPeriph_Driver/stm32l1xx_tim.o
                0x00000000080021fc                TIM_Cmd
 .text.TIM_OC2Init
                0x0000000008002214       0x40 ./StdPeriph_Driver/stm32l1xx_tim.o
                0x0000000008002214                TIM_OC2Init
 .text.TIM_OC2PreloadConfig
                0x0000000008002254       0x14 ./StdPeriph_Driver/stm32l1xx_tim.o
                0x0000000008002254                TIM_OC2PreloadConfig
 .text.Reset_Handler
                0x0000000008002268       0x48 ./TrueSTUDIO/startup_stm32l1xx_mdp.o
                0x0000000008002268                Reset_Handler
 .text.Default_Handler
                0x00000000080022b0        0x2 ./TrueSTUDIO/startup_stm32l1xx_mdp.o
                0x00000000080022b0                RTC_Alarm_IRQHandler
                0x00000000080022b0                EXTI2_IRQHandler
                0x00000000080022b0                COMP_ACQ_IRQHandler
                0x00000000080022b0                TIM10_IRQHandler
                0x00000000080022b0                USB_HP_IRQHandler
                0x00000000080022b0                TIM6_IRQHandler
                0x00000000080022b0                PVD_IRQHandler
                0x00000000080022b0                EXTI3_IRQHandler
                0x00000000080022b0                I2C2_EV_IRQHandler
                0x00000000080022b0                SPI1_IRQHandler
                0x00000000080022b0                USB_FS_WKUP_IRQHandler
                0x00000000080022b0                DMA2_Channel2_IRQHandler
                0x00000000080022b0                DMA1_Channel4_IRQHandler
                0x00000000080022b0                ADC1_IRQHandler
                0x00000000080022b0                USART3_IRQHandler
                0x00000000080022b0                DMA1_Channel7_IRQHandler
                0x00000000080022b0                LCD_IRQHandler
                0x00000000080022b0                TIM4_IRQHandler
                0x00000000080022b0                DMA2_Channel1_IRQHandler
                0x00000000080022b0                I2C1_EV_IRQHandler
                0x00000000080022b0                DMA1_Channel6_IRQHandler
                0x00000000080022b0                DMA2_Channel4_IRQHandler
                0x00000000080022b0                TIM3_IRQHandler
                0x00000000080022b0                RCC_IRQHandler
                0x00000000080022b0                DMA1_Channel1_IRQHandler
                0x00000000080022b0                Default_Handler
                0x00000000080022b0                EXTI15_10_IRQHandler
                0x00000000080022b0                TIM7_IRQHandler
                0x00000000080022b0                TIM5_IRQHandler
                0x00000000080022b0                EXTI9_5_IRQHandler
                0x00000000080022b0                TIM9_IRQHandler
                0x00000000080022b0                TAMPER_STAMP_IRQHandler
                0x00000000080022b0                SPI2_IRQHandler
                0x00000000080022b0                DMA2_Channel5_IRQHandler
                0x00000000080022b0                DMA1_Channel5_IRQHandler
                0x00000000080022b0                USB_LP_IRQHandler
                0x00000000080022b0                EXTI4_IRQHandler
                0x00000000080022b0                DMA1_Channel3_IRQHandler
                0x00000000080022b0                COMP_IRQHandler
                0x00000000080022b0                WWDG_IRQHandler
                0x00000000080022b0                TIM2_IRQHandler
                0x00000000080022b0                DAC_IRQHandler
                0x00000000080022b0                EXTI1_IRQHandler
                0x00000000080022b0                AES_IRQHandler
                0x00000000080022b0                TIM11_IRQHandler
                0x00000000080022b0                USART2_IRQHandler
                0x00000000080022b0                I2C2_ER_IRQHandler
                0x00000000080022b0                DMA1_Channel2_IRQHandler
                0x00000000080022b0                FLASH_IRQHandler
                0x00000000080022b0                USART1_IRQHandler
                0x00000000080022b0                SPI3_IRQHandler
                0x00000000080022b0                I2C1_ER_IRQHandler
                0x00000000080022b0                DMA2_Channel3_IRQHandler
 .text.convert_into_char
                0x00000000080022b2       0x8e ./User/discover_functions.o
                0x00000000080022b2                convert_into_char
 .text.RCC_Configuration
                0x0000000008002340       0xb0 ./User/main.o
                0x0000000008002340                RCC_Configuration
 .text.Init_GPIOs
                0x00000000080023f0      0x1fc ./User/main.o
                0x00000000080023f0                Init_GPIOs
 .text.startup.main
                0x00000000080025ec       0xd8 ./User/main.o
                0x00000000080025ec                main
 .text.setDutyForGreenLED
                0x00000000080026c4       0x18 ./User/main.o
                0x00000000080026c4                setDutyForGreenLED
 .text.MyLinRots_ErrorStateProcess
                0x00000000080026dc        0x8 ./User/main.o
                0x00000000080026dc                MyLinRots_ErrorStateProcess
 .text.MyLinRots_OffStateProcess
                0x00000000080026e4        0x2 ./User/main.o
                0x00000000080026e4                MyLinRots_OffStateProcess
 .text.NMI_Handler
                0x00000000080026e6        0x2 ./User/stm32l1xx_it.o
                0x00000000080026e6                NMI_Handler
 .text.HardFault_Handler
                0x00000000080026e8        0x2 ./User/stm32l1xx_it.o
                0x00000000080026e8                HardFault_Handler
 .text.MemManage_Handler
                0x00000000080026ea        0x2 ./User/stm32l1xx_it.o
                0x00000000080026ea                MemManage_Handler
 .text.BusFault_Handler
                0x00000000080026ec        0x2 ./User/stm32l1xx_it.o
                0x00000000080026ec                BusFault_Handler
 .text.UsageFault_Handler
                0x00000000080026ee        0x2 ./User/stm32l1xx_it.o
                0x00000000080026ee                UsageFault_Handler
 .text.SVC_Handler
                0x00000000080026f0        0x2 ./User/stm32l1xx_it.o
                0x00000000080026f0                SVC_Handler
 .text.DebugMon_Handler
                0x00000000080026f2        0x2 ./User/stm32l1xx_it.o
                0x00000000080026f2                DebugMon_Handler
 .text.PendSV_Handler
                0x00000000080026f4        0x2 ./User/stm32l1xx_it.o
                0x00000000080026f4                PendSV_Handler
 *fill*         0x00000000080026f6        0x2 
 .text.SysTick_Handler
                0x00000000080026f8        0x8 ./User/stm32l1xx_it.o
                0x00000000080026f8                SysTick_Handler
 .text.UserButtonHandler
                0x0000000008002700       0x38 ./User/stm32l1xx_it.o
                0x0000000008002700                UserButtonHandler
 .text.EXTI0_IRQHandler
                0x0000000008002738       0x38 ./User/stm32l1xx_it.o
                0x0000000008002738                EXTI0_IRQHandler
 .text.RTC_WKUP_IRQHandler
                0x0000000008002770       0x20 ./User/stm32l1xx_it.o
                0x0000000008002770                RTC_WKUP_IRQHandler
 .text.TSL_user_Init
                0x0000000008002790       0x24 ./User/tsl_user.o
                0x0000000008002790                TSL_user_Init
 .text.TSL_user_Action
                0x00000000080027b4       0xa4 ./User/tsl_user.o
                0x00000000080027b4                TSL_user_Action
 .text.ProcessSwipe
                0x0000000008002858      0x220 ./User/tsl_user.o
                0x0000000008002858                ProcessSwipe
 .text.__libc_init_array
                0x0000000008002a78       0x48 c:/st/stm32cubeide_1.7.0/stm32cubeide/plugins/com.st.stm32cube.ide.mcu.externaltools.gnu-tools-for-stm32.9-2020-q2-update.win32_2.0.0.202105311346/tools/bin/../lib/gcc/arm-none-eabi/9.3.1/../../../../arm-none-eabi/lib/thumb/v7-m/nofp\libc_nano.a(lib_a-init.o)
                0x0000000008002a78                __libc_init_array
 *(.glue_7)
 .glue_7        0x0000000008002ac0        0x0 linker stubs
 *(.glue_7t)
 .glue_7t       0x0000000008002ac0        0x0 linker stubs
 *(.eh_frame)
 .eh_frame      0x0000000008002ac0        0x0 c:/st/stm32cubeide_1.7.0/stm32cubeide/plugins/com.st.stm32cube.ide.mcu.externaltools.gnu-tools-for-stm32.9-2020-q2-update.win32_2.0.0.202105311346/tools/bin/../lib/gcc/arm-none-eabi/9.3.1/thumb/v7-m/nofp/crtbegin.o
 *(.init)
 .init          0x0000000008002ac0        0x4 c:/st/stm32cubeide_1.7.0/stm32cubeide/plugins/com.st.stm32cube.ide.mcu.externaltools.gnu-tools-for-stm32.9-2020-q2-update.win32_2.0.0.202105311346/tools/bin/../lib/gcc/arm-none-eabi/9.3.1/thumb/v7-m/nofp/crti.o
                0x0000000008002ac0                _init
 .init          0x0000000008002ac4        0x8 c:/st/stm32cubeide_1.7.0/stm32cubeide/plugins/com.st.stm32cube.ide.mcu.externaltools.gnu-tools-for-stm32.9-2020-q2-update.win32_2.0.0.202105311346/tools/bin/../lib/gcc/arm-none-eabi/9.3.1/thumb/v7-m/nofp/crtn.o
 *(.fini)
 .fini          0x0000000008002acc        0x4 c:/st/stm32cubeide_1.7.0/stm32cubeide/plugins/com.st.stm32cube.ide.mcu.externaltools.gnu-tools-for-stm32.9-2020-q2-update.win32_2.0.0.202105311346/tools/bin/../lib/gcc/arm-none-eabi/9.3.1/thumb/v7-m/nofp/crti.o
                0x0000000008002acc                _fini
 .fini          0x0000000008002ad0        0x8 c:/st/stm32cubeide_1.7.0/stm32cubeide/plugins/com.st.stm32cube.ide.mcu.externaltools.gnu-tools-for-stm32.9-2020-q2-update.win32_2.0.0.202105311346/tools/bin/../lib/gcc/arm-none-eabi/9.3.1/thumb/v7-m/nofp/crtn.o
                0x0000000008002ad8                . = ALIGN (0x4)
                0x0000000008002ad8                _etext = .

.vfp11_veneer   0x0000000008002ad8        0x0
 .vfp11_veneer  0x0000000008002ad8        0x0 linker stubs

.v4_bx          0x0000000008002ad8        0x0
 .v4_bx         0x0000000008002ad8        0x0 linker stubs

.iplt           0x0000000008002ad8        0x0
 .iplt          0x0000000008002ad8        0x0 c:/st/stm32cubeide_1.7.0/stm32cubeide/plugins/com.st.stm32cube.ide.mcu.externaltools.gnu-tools-for-stm32.9-2020-q2-update.win32_2.0.0.202105311346/tools/bin/../lib/gcc/arm-none-eabi/9.3.1/thumb/v7-m/nofp/crtbegin.o

.rodata         0x0000000008002ad8      0x2f0
                0x0000000008002ad8                . = ALIGN (0x4)
 *(.rodata)
 *(.rodata*)
 .rodata.CapLetterMap
                0x0000000008002ad8       0x34 ./STM32L-Discovery/stm32l_discovery_lcd.o
                0x0000000008002ad8                CapLetterMap
 .rodata.NumberMap
                0x0000000008002b0c       0x14 ./STM32L-Discovery/stm32l_discovery_lcd.o
                0x0000000008002b0c                NumberMap
 .rodata.TSL_RI_Conf_LookUpTable
                0x0000000008002b20      0x194 ./STMTouch_Driver/tsl_acq_stm32l1xx_sw.o
                0x0000000008002b20                TSL_RI_Conf_LookUpTable
 .rodata.TSL_POSOFF_3CH_LIN_H
                0x0000000008002cb4       0x12 ./STMTouch_Driver/tsl_linrot.o
                0x0000000008002cb4                TSL_POSOFF_3CH_LIN_H
 .rodata.ProcessSwipe.str1.1
                0x0000000008002cc6        0x6 ./User/tsl_user.o
 .rodata.MyBanks
                0x0000000008002ccc       0x10 ./User/tsl_user.o
                0x0000000008002ccc                MyBanks
 .rodata.MyChannels_Dest
                0x0000000008002cdc        0x3 ./User/tsl_user.o
                0x0000000008002cdc                MyChannels_Dest
 .rodata.MyChannels_Src
                0x0000000008002cdf        0x9 ./User/tsl_user.o
                0x0000000008002cdf                MyChannels_Src
 .rodata.MyLinRot_DeltaCoeff
                0x0000000008002ce8        0x6 ./User/tsl_user.o
                0x0000000008002ce8                MyLinRot_DeltaCoeff
 *fill*         0x0000000008002cee        0x2 
 .rodata.MyLinRots
                0x0000000008002cf0       0x24 ./User/tsl_user.o
                0x0000000008002cf0                MyLinRots
 .rodata.MyLinRots_Methods
                0x0000000008002d14        0xc ./User/tsl_user.o
                0x0000000008002d14                MyLinRots_Methods
 .rodata.MyLinRots_StateMachine
                0x0000000008002d20       0xa0 ./User/tsl_user.o
                0x0000000008002d20                MyLinRots_StateMachine
 .rodata.MyObjects
                0x0000000008002dc0        0x8 ./User/tsl_user.o
                0x0000000008002dc0                MyObjects
                0x0000000008002dc8                . = ALIGN (0x4)

.rel.dyn        0x0000000008002dc8        0x0
 .rel.iplt      0x0000000008002dc8        0x0 c:/st/stm32cubeide_1.7.0/stm32cubeide/plugins/com.st.stm32cube.ide.mcu.externaltools.gnu-tools-for-stm32.9-2020-q2-update.win32_2.0.0.202105311346/tools/bin/../lib/gcc/arm-none-eabi/9.3.1/thumb/v7-m/nofp/crtbegin.o

.ARM.extab
 *(.ARM.extab* .gnu.linkonce.armextab.*)

.ARM            0x0000000008002dc8        0x0
                0x0000000008002dc8                __exidx_start = .
 *(.ARM.exidx*)
                0x0000000008002dc8                __exidx_end = .

.preinit_array  0x0000000008002dc8        0x0
                0x0000000008002dc8                PROVIDE (__preinit_array_start = .)
 *(.preinit_array*)
                0x0000000008002dc8                PROVIDE (__preinit_array_end = .)

.init_array     0x0000000008002dc8        0x4
                0x0000000008002dc8                PROVIDE (__init_array_start = .)
 *(SORT_BY_NAME(.init_array.*))
 *(.init_array*)
 .init_array    0x0000000008002dc8        0x4 c:/st/stm32cubeide_1.7.0/stm32cubeide/plugins/com.st.stm32cube.ide.mcu.externaltools.gnu-tools-for-stm32.9-2020-q2-update.win32_2.0.0.202105311346/tools/bin/../lib/gcc/arm-none-eabi/9.3.1/thumb/v7-m/nofp/crtbegin.o
                0x0000000008002dcc                PROVIDE (__init_array_end = .)

.fini_array     0x0000000008002dcc        0x4
                [!provide]                        PROVIDE (__fini_array_start = .)
 *(SORT_BY_NAME(.fini_array.*))
 *(.fini_array*)
 .fini_array    0x0000000008002dcc        0x4 c:/st/stm32cubeide_1.7.0/stm32cubeide/plugins/com.st.stm32cube.ide.mcu.externaltools.gnu-tools-for-stm32.9-2020-q2-update.win32_2.0.0.202105311346/tools/bin/../lib/gcc/arm-none-eabi/9.3.1/thumb/v7-m/nofp/crtbegin.o
                [!provide]                        PROVIDE (__fini_array_end = .)
                0x0000000008002dd0                _sidata = LOADADDR (.data)

.data           0x0000000020000000       0x88 load address 0x0000000008002dd0
                0x0000000020000000                . = ALIGN (0x4)
                0x0000000020000000                _sdata = .
 *(.data)
 *(.data*)
 .data.SystemCoreClock
                0x0000000020000000        0x4 ./CMSIS/system_stm32l1xx.o
                0x0000000020000000                SystemCoreClock
 .data.TSL_GPIO_Clock_LookUpTable
                0x0000000020000004       0x20 ./STMTouch_Driver/tsl_acq_stm32l1xx_sw.o
                0x0000000020000004                TSL_GPIO_Clock_LookUpTable
 .data.TSL_GPIO_LookUpTable
                0x0000000020000024       0x20 ./STMTouch_Driver/tsl_acq_stm32l1xx_sw.o
                0x0000000020000024                TSL_GPIO_LookUpTable
 .data.TSL_RI_HYSCR_LookUpTable
                0x0000000020000044       0x20 ./STMTouch_Driver/tsl_acq_stm32l1xx_sw.o
                0x0000000020000044                TSL_RI_HYSCR_LookUpTable
 .data.MyObjGroup
                0x0000000020000064       0x10 ./User/tsl_user.o
                0x0000000020000064                MyObjGroup
 .data.TSL_Params
                0x0000000020000074       0x10 ./User/tsl_user.o
                0x0000000020000074                TSL_Params
 .data.swipe_time_lim_selector_prev
                0x0000000020000084        0x1 ./User/tsl_user.o
                0x0000000020000084                swipe_time_lim_selector_prev
 *(.RamFUNC)
                0x0000000020000088                . = ALIGN (0x4)
 *fill*         0x0000000020000085        0x3 
                0x0000000020000088                _edata = .

.igot.plt       0x0000000020000088        0x0 load address 0x0000000008002e58
 .igot.plt      0x0000000020000088        0x0 c:/st/stm32cubeide_1.7.0/stm32cubeide/plugins/com.st.stm32cube.ide.mcu.externaltools.gnu-tools-for-stm32.9-2020-q2-update.win32_2.0.0.202105311346/tools/bin/../lib/gcc/arm-none-eabi/9.3.1/thumb/v7-m/nofp/crtbegin.o
                0x0000000020000088                . = ALIGN (0x4)

.bss            0x0000000020000088      0x1bc load address 0x0000000008002e58
                0x0000000020000088                _sbss = .
                0x0000000020000088                __bss_start__ = _sbss
 *(.bss)
 .bss           0x0000000020000088       0x1c c:/st/stm32cubeide_1.7.0/stm32cubeide/plugins/com.st.stm32cube.ide.mcu.externaltools.gnu-tools-for-stm32.9-2020-q2-update.win32_2.0.0.202105311346/tools/bin/../lib/gcc/arm-none-eabi/9.3.1/thumb/v7-m/nofp/crtbegin.o
 *(.bss*)
 .bss.KeyPressed
                0x00000000200000a4        0x1 ./STM32L-Discovery/stm32l_discovery_lcd.o
                0x00000000200000a4                KeyPressed
 .bss.t_bar     0x00000000200000a5        0x2 ./STM32L-Discovery/stm32l_discovery_lcd.o
                0x00000000200000a5                t_bar
 *fill*         0x00000000200000a7        0x1 
 .bss.GPIOA_IDR_Mask
                0x00000000200000a8        0x4 ./STMTouch_Driver/tsl_acq_stm32l1xx_sw.o
                0x00000000200000a8                GPIOA_IDR_Mask
 .bss.GPIOB_IDR_Mask
                0x00000000200000ac        0x4 ./STMTouch_Driver/tsl_acq_stm32l1xx_sw.o
                0x00000000200000ac                GPIOB_IDR_Mask
 .bss.GPIOC_IDR_Mask
                0x00000000200000b0        0x4 ./STMTouch_Driver/tsl_acq_stm32l1xx_sw.o
                0x00000000200000b0                GPIOC_IDR_Mask
 .bss.GroupToCheck
                0x00000000200000b4        0x2 ./STMTouch_Driver/tsl_acq_stm32l1xx_sw.o
                0x00000000200000b4                GroupToCheck
 .bss.NumberOfChannelOn
                0x00000000200000b6        0x1 ./STMTouch_Driver/tsl_acq_stm32l1xx_sw.o
                0x00000000200000b6                NumberOfChannelOn
 *fill*         0x00000000200000b7        0x1 
 .bss.NumberOfChannels
                0x00000000200000b8        0x2 ./STMTouch_Driver/tsl_acq_stm32l1xx_sw.o
                0x00000000200000b8                NumberOfChannels
 .bss.CalibDiv  0x00000000200000ba        0x2 ./STMTouch_Driver/tsl_linrot.o
 .bss.delta1.7116
                0x00000000200000bc        0x2 ./STMTouch_Driver/tsl_linrot.o
 .bss.delta2.7117
                0x00000000200000be        0x2 ./STMTouch_Driver/tsl_linrot.o
 .bss.delta3.7118
                0x00000000200000c0        0x2 ./STMTouch_Driver/tsl_linrot.o
 .bss.index1.7119
                0x00000000200000c2        0x1 ./STMTouch_Driver/tsl_linrot.o
 .bss.index2.7120
                0x00000000200000c3        0x1 ./STMTouch_Driver/tsl_linrot.o
 .bss.count_1s.7077
                0x00000000200000c4        0x2 ./STMTouch_Driver/tsl_time.o
 .bss.PrescalerValue
                0x00000000200000c6        0x2 ./User/main.o
                0x00000000200000c6                PrescalerValue
 .bss.swipe_time_lim_selector
                0x00000000200000c8        0x1 ./User/main.o
                0x00000000200000c8                swipe_time_lim_selector
 .bss.ConfigDone.7246
                0x00000000200000c9        0x1 ./User/tsl_user.o
 .bss.idx_bank.7245
                0x00000000200000ca        0x1 ./User/tsl_user.o
 *(COMMON)
 *fill*         0x00000000200000cb        0x1 
 COMMON         0x00000000200000cc       0xb8 ./STMTouch_Driver/tsl_acq_stm32l1xx_sw.o
                0x00000000200000cc                TSL_BankChannelConf
                0x0000000020000110                bank
                0x0000000020000114                TSL_BankSampleConf
                0x0000000020000158                tab_MeasurementCounter
 COMMON         0x0000000020000184       0x14 ./STMTouch_Driver/tsl_globals.o
                0x0000000020000184                TSL_Globals
 COMMON         0x0000000020000198        0x1 ./User/discover_functions.o
                0x0000000020000198                UserButton
 *fill*         0x0000000020000199        0x3 
 COMMON         0x000000002000019c       0x34 ./User/icc_measure.o
                0x000000002000019c                GPIOA_PUPDR
                0x00000000200001a0                GPIOA_MODER
                0x00000000200001a4                GPIOB_PUPDR
                0x00000000200001a8                GPIOC_PUPDR
                0x00000000200001ac                GPIOE_PUPDR
                0x00000000200001b0                GPIOH_PUPDR
                0x00000000200001b4                GPIOD_PUPDR
                0x00000000200001b8                GPIOH_MODER
                0x00000000200001bc                GPIOE_MODER
                0x00000000200001c0                GPIOB_MODER
                0x00000000200001c4                Idd_WakeUP
                0x00000000200001c8                GPIOC_MODER
                0x00000000200001cc                GPIOD_MODER
 COMMON         0x00000000200001d0       0x1e ./User/main.o
                0x00000000200001d0                TIM_TimeBaseStructure
                0x00000000200001dc                state_machine
                0x00000000200001e0                TIM_OCInitStructure
                0x00000000200001ec                Int_CurrentSTBY
 *fill*         0x00000000200001ee        0x2 
 COMMON         0x00000000200001f0       0x52 ./User/tsl_user.o
                0x00000000200001f0                ECS_last_tick
                0x00000000200001f4                process_sensor
                0x00000000200001f8                MyChannels_Data
                0x000000002000021c                GreenLED
                0x000000002000021e                LED_last_tick
                0x0000000020000220                SliderSectorPrev
                0x0000000020000222                Swipe_last_tick
                0x0000000020000224                Slider_Position
                0x000000002000022b                Swipe
                0x000000002000022c                SwipeState
                0x0000000020000230                MyLinRots_Data
                0x0000000020000238                MyLinRots_Param
                0x0000000020000244                . = ALIGN (0x4)
 *fill*         0x0000000020000242        0x2 
                0x0000000020000244                _ebss = .
                0x0000000020000244                __bss_end__ = _ebss

._user_heap_stack
                0x0000000020000244      0x600 load address 0x0000000008002e58
                0x0000000020000244                . = ALIGN (0x4)
                [!provide]                        PROVIDE (end = .)
                [!provide]                        PROVIDE (_end = .)
                0x0000000020000444                . = (. + _Min_Heap_Size)
 *fill*         0x0000000020000244      0x200 
                0x0000000020000844                . = (. + _Min_Stack_Size)
 *fill*         0x0000000020000444      0x400 
                0x0000000020000844                . = ALIGN (0x4)

.memory_b1_text
 *(.mb1text)
 *(.mb1text*)
 *(.mb1rodata)
 *(.mb1rodata*)

/DISCARD/
 libc.a(*)
 libm.a(*)
 libgcc.a(*)

.ARM.attributes
                0x0000000000000000       0x29
 *(.ARM.attributes)
 .ARM.attributes
                0x0000000000000000       0x1d c:/st/stm32cubeide_1.7.0/stm32cubeide/plugins/com.st.stm32cube.ide.mcu.externaltools.gnu-tools-for-stm32.9-2020-q2-update.win32_2.0.0.202105311346/tools/bin/../lib/gcc/arm-none-eabi/9.3.1/thumb/v7-m/nofp/crti.o
 .ARM.attributes
                0x000000000000001d       0x2d c:/st/stm32cubeide_1.7.0/stm32cubeide/plugins/com.st.stm32cube.ide.mcu.externaltools.gnu-tools-for-stm32.9-2020-q2-update.win32_2.0.0.202105311346/tools/bin/../lib/gcc/arm-none-eabi/9.3.1/thumb/v7-m/nofp/crtbegin.o
 .ARM.attributes
                0x000000000000004a       0x2d ./CMSIS/system_stm32l1xx.o
 .ARM.attributes
                0x0000000000000077       0x2d ./STM32L-Discovery/stm32l_discovery_lcd.o
 .ARM.attributes
                0x00000000000000a4       0x2d ./STMTouch_Driver/tsl.o
 .ARM.attributes
                0x00000000000000d1       0x2d ./STMTouch_Driver/tsl_acq.o
 .ARM.attributes
                0x00000000000000fe       0x2d ./STMTouch_Driver/tsl_acq_stm32l1xx_sw.o
 .ARM.attributes
                0x000000000000012b       0x2d ./STMTouch_Driver/tsl_dxs.o
 .ARM.attributes
                0x0000000000000158       0x2d ./STMTouch_Driver/tsl_ecs.o
 .ARM.attributes
                0x0000000000000185       0x33 ./STMTouch_Driver/tsl_globals.o
 .ARM.attributes
                0x00000000000001b8       0x2d ./STMTouch_Driver/tsl_linrot.o
 .ARM.attributes
                0x00000000000001e5       0x2d ./STMTouch_Driver/tsl_object.o
 .ARM.attributes
                0x0000000000000212       0x2d ./STMTouch_Driver/tsl_time.o
 .ARM.attributes
                0x000000000000023f       0x2d ./STMTouch_Driver/tsl_time_stm32l1xx.o
 .ARM.attributes
                0x000000000000026c       0x2d ./StdPeriph_Driver/misc.o
 .ARM.attributes
                0x0000000000000299       0x2d ./StdPeriph_Driver/stm32l1xx_exti.o
 .ARM.attributes
                0x00000000000002c6       0x2d ./StdPeriph_Driver/stm32l1xx_gpio.o
 .ARM.attributes
                0x00000000000002f3       0x2d ./StdPeriph_Driver/stm32l1xx_lcd.o
 .ARM.attributes
                0x0000000000000320       0x2d ./StdPeriph_Driver/stm32l1xx_pwr.o
 .ARM.attributes
                0x000000000000034d       0x2d ./StdPeriph_Driver/stm32l1xx_rcc.o
 .ARM.attributes
                0x000000000000037a       0x2d ./StdPeriph_Driver/stm32l1xx_rtc.o
 .ARM.attributes
                0x00000000000003a7       0x2d ./StdPeriph_Driver/stm32l1xx_syscfg.o
 .ARM.attributes
                0x00000000000003d4       0x2d ./StdPeriph_Driver/stm32l1xx_tim.o
 .ARM.attributes
                0x0000000000000401       0x21 ./TrueSTUDIO/startup_stm32l1xx_mdp.o
 .ARM.attributes
                0x0000000000000422       0x2d ./User/discover_functions.o
 .ARM.attributes
                0x000000000000044f       0x2d ./User/icc_measure.o
 .ARM.attributes
                0x000000000000047c       0x2d ./User/main.o
 .ARM.attributes
                0x00000000000004a9       0x2d ./User/stm32l1xx_it.o
 .ARM.attributes
                0x00000000000004d6       0x2d ./User/tsl_user.o
 .ARM.attributes
                0x0000000000000503       0x2d c:/st/stm32cubeide_1.7.0/stm32cubeide/plugins/com.st.stm32cube.ide.mcu.externaltools.gnu-tools-for-stm32.9-2020-q2-update.win32_2.0.0.202105311346/tools/bin/../lib/gcc/arm-none-eabi/9.3.1/../../../../arm-none-eabi/lib/thumb/v7-m/nofp\libc_nano.a(lib_a-init.o)
 .ARM.attributes
                0x0000000000000530       0x1d c:/st/stm32cubeide_1.7.0/stm32cubeide/plugins/com.st.stm32cube.ide.mcu.externaltools.gnu-tools-for-stm32.9-2020-q2-update.win32_2.0.0.202105311346/tools/bin/../lib/gcc/arm-none-eabi/9.3.1/thumb/v7-m/nofp/crtn.o

.DataFlash
 *(.DataFlash)
OUTPUT(STM32L152RC.elf elf32-littlearm)
LOAD linker stubs
LOAD c:/st/stm32cubeide_1.7.0/stm32cubeide/plugins/com.st.stm32cube.ide.mcu.externaltools.gnu-tools-for-stm32.9-2020-q2-update.win32_2.0.0.202105311346/tools/bin/../lib/gcc/arm-none-eabi/9.3.1/../../../../arm-none-eabi/lib/thumb/v7-m/nofp\libc.a
LOAD c:/st/stm32cubeide_1.7.0/stm32cubeide/plugins/com.st.stm32cube.ide.mcu.externaltools.gnu-tools-for-stm32.9-2020-q2-update.win32_2.0.0.202105311346/tools/bin/../lib/gcc/arm-none-eabi/9.3.1/../../../../arm-none-eabi/lib/thumb/v7-m/nofp\libm.a
LOAD c:/st/stm32cubeide_1.7.0/stm32cubeide/plugins/com.st.stm32cube.ide.mcu.externaltools.gnu-tools-for-stm32.9-2020-q2-update.win32_2.0.0.202105311346/tools/bin/../lib/gcc/arm-none-eabi/9.3.1/thumb/v7-m/nofp\libgcc.a

.comment        0x0000000000000000       0x53
 .comment       0x0000000000000000       0x53 ./CMSIS/system_stm32l1xx.o
                                         0x54 (size before relaxing)
 .comment       0x0000000000000053       0x54 ./STM32L-Discovery/stm32l_discovery_lcd.o
 .comment       0x0000000000000053       0x54 ./STMTouch_Driver/tsl.o
 .comment       0x0000000000000053       0x54 ./STMTouch_Driver/tsl_acq.o
 .comment       0x0000000000000053       0x54 ./STMTouch_Driver/tsl_acq_stm32l1xx_sw.o
 .comment       0x0000000000000053       0x54 ./STMTouch_Driver/tsl_dxs.o
 .comment       0x0000000000000053       0x54 ./STMTouch_Driver/tsl_ecs.o
 .comment       0x0000000000000053       0x54 ./STMTouch_Driver/tsl_globals.o
 .comment       0x0000000000000053       0x54 ./STMTouch_Driver/tsl_linrot.o
 .comment       0x0000000000000053       0x54 ./STMTouch_Driver/tsl_object.o
 .comment       0x0000000000000053       0x54 ./STMTouch_Driver/tsl_time.o
 .comment       0x0000000000000053       0x54 ./STMTouch_Driver/tsl_time_stm32l1xx.o
 .comment       0x0000000000000053       0x54 ./StdPeriph_Driver/misc.o
 .comment       0x0000000000000053       0x54 ./StdPeriph_Driver/stm32l1xx_exti.o
 .comment       0x0000000000000053       0x54 ./StdPeriph_Driver/stm32l1xx_gpio.o
 .comment       0x0000000000000053       0x54 ./StdPeriph_Driver/stm32l1xx_lcd.o
 .comment       0x0000000000000053       0x54 ./StdPeriph_Driver/stm32l1xx_pwr.o
 .comment       0x0000000000000053       0x54 ./StdPeriph_Driver/stm32l1xx_rcc.o
 .comment       0x0000000000000053       0x54 ./StdPeriph_Driver/stm32l1xx_rtc.o
 .comment       0x0000000000000053       0x54 ./StdPeriph_Driver/stm32l1xx_syscfg.o
 .comment       0x0000000000000053       0x54 ./StdPeriph_Driver/stm32l1xx_tim.o
 .comment       0x0000000000000053       0x54 ./User/discover_functions.o
 .comment       0x0000000000000053       0x54 ./User/icc_measure.o
 .comment       0x0000000000000053       0x54 ./User/main.o
 .comment       0x0000000000000053       0x54 ./User/stm32l1xx_it.o
 .comment       0x0000000000000053       0x54 ./User/tsl_user.o

.debug_frame    0x0000000000000000       0x2c
 .debug_frame   0x0000000000000000       0x2c c:/st/stm32cubeide_1.7.0/stm32cubeide/plugins/com.st.stm32cube.ide.mcu.externaltools.gnu-tools-for-stm32.9-2020-q2-update.win32_2.0.0.202105311346/tools/bin/../lib/gcc/arm-none-eabi/9.3.1/../../../../arm-none-eabi/lib/thumb/v7-m/nofp\libc_nano.a(lib_a-init.o)
