discover_functions.c:243:6:test_icc_STBY	8	static
discover_functions.c:397:6:convert_into_char	20	static
discover_functions.c:429:7:Vdd_appli	8	static
discover_functions.c:453:10:Vref_measure	24	static
discover_functions.c:78:6:test_vdd	40	static
discover_functions.c:479:6:display_MuAmp	24	static
discover_functions.c:168:6:test_Bias	32	static
discover_functions.c:304:6:auto_test_part2	32	static
discover_functions.c:350:6:Bias_measurement	48	static
discover_functions.c:509:7:Icc_RUN	32	static
discover_functions.c:122:6:test_icc_Run	40	static
discover_functions.c:538:7:Icc_SLEEP	32	static
discover_functions.c:569:7:Icc_LPRUN	16	static
discover_functions.c:594:7:Icc_LPSLEEP	16	static
discover_functions.c:626:7:Icc_STOP	16	static
discover_functions.c:664:7:Icc_Stop_NoRTC	16	static
discover_functions.c:205:6:test_icc_STOP	24	static
discover_functions.c:259:6:auto_test	24	static
